
Memory Configuration

Name             Origin             Length             Attributes
FLASH            0x0000000008000000 0x0000000000010000 xr
SRAM             0x0000000020000000 0x0000000000005000 xrw
*default*        0x0000000000000000 0xffffffffffffffff

Linker script and memory map

LOAD main.o
LOAD stm32_startup.o

.text           0x0000000008000000      0x240
 *(.isr_vector)
 .isr_vector    0x0000000008000000      0x14c stm32_startup.o
                0x0000000008000000                vectors
 *(.text)
 .text          0x000000000800014c       0x70 main.o
                0x000000000800014c                ms_delay
                0x0000000008000180                main
 .text          0x00000000080001bc       0x84 stm32_startup.o
                0x00000000080001bc                FLASH_Handler
                0x00000000080001bc                USART4_Handler
                0x00000000080001bc                HardFault_Handler
                0x00000000080001bc                SysTick_Handler
                0x00000000080001bc                USART3_Handler
                0x00000000080001bc                DMA1_Channel7_Handler
                0x00000000080001bc                PendSV_Handler
                0x00000000080001bc                NMI_Handler
                0x00000000080001bc                DMA1_Channel6_Handler
                0x00000000080001bc                DMA2_Channel5_Handler
                0x00000000080001bc                SVCCall_Handler
                0x00000000080001bc                CAN1_RX1_Handler
                0x00000000080001bc                EXTI15_10_Handler
                0x00000000080001bc                DMA2_Channel1_Handler
                0x00000000080001bc                I2C1_EV_Handler
                0x00000000080001bc                ADC1_2_Handler
                0x00000000080001bc                WWDG_Handler
                0x00000000080001bc                EXTI4_Handler
                0x00000000080001bc                DMA2_Channel4_Handler
                0x00000000080001bc                DMA1_Channel1_Handler
                0x00000000080001bc                BusFault_Hanlder
                0x00000000080001bc                OTG_FS_Handler
                0x00000000080001bc                ETH_WKUP_Handler
                0x00000000080001bc                I2C1_ER_Handler
                0x00000000080001bc                RTC_Handler
                0x00000000080001bc                UsageFault_Handler
                0x00000000080001bc                CAN1_RX0_Handler
                0x00000000080001bc                TIM1_CC_Handler
                0x00000000080001bc                I2C2_ER_Handler
                0x00000000080001bc                CAN1_SCE_Handler
                0x00000000080001bc                defaultHandler
                0x00000000080001bc                TIM1_BRK_Handler
                0x00000000080001bc                EXTI1_Handler
                0x00000000080001bc                EXTI3_Handler
                0x00000000080001bc                USART5_Handler
                0x00000000080001bc                EXTI2_Handler
                0x00000000080001bc                CAN2_RX1_Handler
                0x00000000080001bc                EXTI9_5_Handler
                0x00000000080001bc                TIM2_Handler
                0x00000000080001bc                USART1_Handler
                0x00000000080001bc                CAN2_SCE_Handler
                0x00000000080001bc                DMA1_Channel4_Handler
                0x00000000080001bc                TIM3_Handler
                0x00000000080001bc                DMA1_Channel3_Handler
                0x00000000080001bc                TIM4_Handler
                0x00000000080001bc                CAN2_TX_Handler
                0x00000000080001bc                SPI2_Handler
                0x00000000080001bc                DMA1_Channel2_Handler
                0x00000000080001bc                MemManage_Handler
                0x00000000080001bc                EXTI0_Handler
                0x00000000080001bc                CAN2_RX0_Handler
                0x00000000080001bc                TIM1_UP_Handler
                0x00000000080001bc                DMA1_Channel5_Handler
                0x00000000080001bc                USART2_Handler
                0x00000000080001bc                ETH_Handler
                0x00000000080001bc                SPI1_Handler
                0x00000000080001bc                I2C2_EV_Handler
                0x00000000080001bc                SPI3_Handler
                0x00000000080001bc                DMA2_Channel3_Handler
                0x00000000080001bc                RCC_Handler
                0x00000000080001bc                PVD_Handler
                0x00000000080001bc                DMA2_Channel2_Handler
                0x00000000080001bc                TIM5_Handler
                0x00000000080001bc                TIM7_Handler
                0x00000000080001bc                CAN1_TX_Handler
                0x00000000080001bc                TIM6_Handler
                0x00000000080001bc                RTCAlarm_Handler
                0x00000000080001bc                DebugMonitor_Handler
                0x00000000080001bc                TIM1_TRG_COM_Handler
                0x00000000080001bc                OTG_FS_WKUP_Handler
                0x00000000080001bc                TAMPER_Handler
                0x00000000080001c2                Reset_Handler
 *(.rodata)
                0x0000000008000240                . = ALIGN (0x4)
                0x0000000008000240                end_of_text = .

.glue_7         0x0000000008000240        0x0
 .glue_7        0x0000000008000240        0x0 linker stubs

.glue_7t        0x0000000008000240        0x0
 .glue_7t       0x0000000008000240        0x0 linker stubs

.vfp11_veneer   0x0000000008000240        0x0
 .vfp11_veneer  0x0000000008000240        0x0 linker stubs

.v4_bx          0x0000000008000240        0x0
 .v4_bx         0x0000000008000240        0x0 linker stubs

.iplt           0x0000000008000240        0x0
 .iplt          0x0000000008000240        0x0 main.o

.rel.dyn        0x0000000008000240        0x0
 .rel.iplt      0x0000000008000240        0x0 main.o

.data           0x0000000020000000        0x0 load address 0x0000000008000240
                0x0000000020000000                start_of_data = .
 *(.data)
 .data          0x0000000020000000        0x0 main.o
 .data          0x0000000020000000        0x0 stm32_startup.o
                0x0000000020000000                . = ALIGN (0x4)
                0x0000000020000000                end_of_data = .

.igot.plt       0x0000000020000000        0x0 load address 0x0000000008000240
 .igot.plt      0x0000000020000000        0x0 main.o

.bss            0x0000000020000000        0x0 load address 0x0000000008000240
                0x0000000020000000                start_of_bss = .
 *(.bss)
 .bss           0x0000000020000000        0x0 main.o
 .bss           0x0000000020000000        0x0 stm32_startup.o
 *(COMMON)
                0x0000000020000000                . = ALIGN (0x4)
                0x0000000020000000                end_of_bss = .
OUTPUT(blinky.elf elf32-littlearm)
LOAD linker stubs

.comment        0x0000000000000000       0x59
 .comment       0x0000000000000000       0x59 main.o
                                         0x5a (size before relaxing)
 .comment       0x0000000000000059       0x5a stm32_startup.o

.ARM.attributes
                0x0000000000000000       0x2d
 .ARM.attributes
                0x0000000000000000       0x2d main.o
 .ARM.attributes
                0x000000000000002d       0x2d stm32_startup.o
